============================= test session starts =============================
platform win32 -- Python 3.10.8, pytest-9.0.2, pluggy-1.6.0 -- C:\Users\Pomie\AppData\Local\Programs\Python\Python310\python.exe
cachedir: .pytest_cache
rootdir: D:\CodingProjects\BlenderTexAgent\3d-asset-agent
configfile: pyproject.toml
plugins: anyio-4.12.1
collecting ... collected 88 items

tests/test_texture_matcher.py::TestConfigLoading::test_load_rules_returns_all_channels PASSED [  1%]
tests/test_texture_matcher.py::TestConfigLoading::test_albedo_is_required PASSED [  2%]
tests/test_texture_matcher.py::TestConfigLoading::test_roughness_has_glossiness_keywords PASSED [  3%]
tests/test_texture_matcher.py::TestConfigLoading::test_load_format_priority PASSED [  4%]
tests/test_texture_matcher.py::TestAlbedoMatching::test_albedo_variants[Cube_BaseColor] PASSED [  5%]
tests/test_texture_matcher.py::TestAlbedoMatching::test_albedo_variants[cube_base_color] PASSED [  6%]
tests/test_texture_matcher.py::TestAlbedoMatching::test_albedo_variants[model_base-color] PASSED [  7%]
tests/test_texture_matcher.py::TestAlbedoMatching::test_albedo_variants[Albedo] PASSED [  9%]
tests/test_texture_matcher.py::TestAlbedoMatching::test_albedo_variants[wall_diffuse] PASSED [ 10%]
tests/test_texture_matcher.py::TestAlbedoMatching::test_albedo_variants[skin_diff] PASSED [ 11%]
tests/test_texture_matcher.py::TestAlbedoMatching::test_albedo_variants[color] PASSED [ 12%]
tests/test_texture_matcher.py::TestAlbedoMatching::test_albedo_variants[col] PASSED [ 13%]
tests/test_texture_matcher.py::TestAlbedoMatching::test_albedo_not_matched_for_ao_filename PASSED [ 14%]
tests/test_texture_matcher.py::TestNormalMatching::test_normal_variants[Cube_Normal] PASSED [ 15%]
tests/test_texture_matcher.py::TestNormalMatching::test_normal_variants[wall_nrm] PASSED [ 17%]
tests/test_texture_matcher.py::TestNormalMatching::test_normal_variants[brick_norm] PASSED [ 18%]
tests/test_texture_matcher.py::TestNormalMatching::test_normal_variants[tile_nor] PASSED [ 19%]
tests/test_texture_matcher.py::TestNormalMatching::test_normal_variants[skin_nml] PASSED [ 20%]
tests/test_texture_matcher.py::TestRoughnessMatching::test_roughness_variants[Cube_Roughness] PASSED [ 21%]
tests/test_texture_matcher.py::TestRoughnessMatching::test_roughness_variants[wall_rough] PASSED [ 22%]
tests/test_texture_matcher.py::TestRoughnessMatching::test_roughness_variants[brick_rgh] PASSED [ 23%]
tests/test_texture_matcher.py::TestRoughnessMatching::test_glossiness_detection[Cube_Gloss] PASSED [ 25%]
tests/test_texture_matcher.py::TestRoughnessMatching::test_glossiness_detection[wall_glossiness] PASSED [ 26%]
tests/test_texture_matcher.py::TestMetallicMatching::test_metallic_variants[Cube_Metallic] PASSED [ 27%]
tests/test_texture_matcher.py::TestMetallicMatching::test_metallic_variants[wall_metalness] PASSED [ 28%]
tests/test_texture_matcher.py::TestMetallicMatching::test_metallic_variants[brick_metal] PASSED [ 29%]
tests/test_texture_matcher.py::TestMetallicMatching::test_metallic_variants[tile_met] PASSED [ 30%]
tests/test_texture_matcher.py::TestMetallicMatching::test_metallic_not_matched_by_method PASSED [ 31%]
tests/test_texture_matcher.py::TestAOMatching::test_ao_variants[Cube_AO] PASSED [ 32%]
tests/test_texture_matcher.py::TestAOMatching::test_ao_variants[wall_occlusion] PASSED [ 34%]
tests/test_texture_matcher.py::TestAOMatching::test_ao_variants[brick_ambientocclusion] PASSED [ 35%]
tests/test_texture_matcher.py::TestAOMatching::test_ao_variants[tile_ambient_occlusion] PASSED [ 36%]
tests/test_texture_matcher.py::TestAOMatching::test_ao_variants[skin_occ] PASSED [ 37%]
tests/test_texture_matcher.py::TestEmissiveMatching::test_emissive_variants[Cube_Emissive] PASSED [ 38%]
tests/test_texture_matcher.py::TestEmissiveMatching::test_emissive_variants[wall_emission] PASSED [ 39%]
tests/test_texture_matcher.py::TestEmissiveMatching::test_emissive_variants[brick_emit] PASSED [ 40%]
tests/test_texture_matcher.py::TestEmissiveMatching::test_emissive_variants[light_glow] PASSED [ 42%]
tests/test_texture_matcher.py::TestEmissiveMatching::test_emissive_variants[neon_selfillum] PASSED [ 43%]
tests/test_texture_matcher.py::TestEmissiveMatching::test_emissive_variants[neon_self_illum] PASSED [ 44%]
tests/test_texture_matcher.py::TestOpacityMatching::test_opacity_variants[Cube_Opacity] PASSED [ 45%]
tests/test_texture_matcher.py::TestOpacityMatching::test_opacity_variants[wall_alpha] PASSED [ 46%]
tests/test_texture_matcher.py::TestOpacityMatching::test_opacity_variants[glass_transparency] PASSED [ 47%]
tests/test_texture_matcher.py::TestOpacityMatching::test_opacity_variants[leaf_trans] PASSED [ 48%]
tests/test_texture_matcher.py::TestOpacityMatching::test_opacity_variants[fence_mask] PASSED [ 50%]
tests/test_texture_matcher.py::TestDisplacementMatching::test_displacement_variants[Cube_Displacement] PASSED [ 51%]
tests/test_texture_matcher.py::TestDisplacementMatching::test_displacement_variants[wall_disp] PASSED [ 52%]
tests/test_texture_matcher.py::TestDisplacementMatching::test_displacement_variants[brick_height] PASSED [ 53%]
tests/test_texture_matcher.py::TestDisplacementMatching::test_displacement_variants[tile_hgt] PASSED [ 54%]
tests/test_texture_matcher.py::TestDisplacementMatching::test_height_normal_not_matched_as_displacement PASSED [ 55%]
tests/test_texture_matcher.py::TestORMMatching::test_orm_variants[Cube_ORM] PASSED [ 56%]
tests/test_texture_matcher.py::TestORMMatching::test_orm_variants[wall_packed] PASSED [ 57%]
tests/test_texture_matcher.py::TestORMMatching::test_orm_variants[brick_ARM] PASSED [ 59%]
tests/test_texture_matcher.py::TestORMMatching::test_orm_variants[tile_RMA] PASSED [ 60%]
tests/test_texture_matcher.py::TestORMMatching::test_orm_not_matched_by_form PASSED [ 61%]
tests/test_texture_matcher.py::TestFullTextureSet::test_fixture_textures PASSED [ 62%]
tests/test_texture_matcher.py::TestFullTextureSet::test_all_channels_populated PASSED [ 63%]
tests/test_texture_matcher.py::TestFullTextureSet::test_channel_names_property PASSED [ 64%]
tests/test_texture_matcher.py::TestFullTextureSet::test_as_dict PASSED   [ 65%]
tests/test_texture_matcher.py::TestDisambiguation::test_model_name_hint_wins PASSED [ 67%]
tests/test_texture_matcher.py::TestDisambiguation::test_format_priority_png_over_jpg PASSED [ 68%]
tests/test_texture_matcher.py::TestDisambiguation::test_format_priority_exr_over_tga PASSED [ 69%]
tests/test_texture_matcher.py::TestDisambiguation::test_model_name_takes_precedence_over_format PASSED [ 70%]
tests/test_texture_matcher.py::TestMissingTextures::test_missing_albedo_raises PASSED [ 71%]
tests/test_texture_matcher.py::TestMissingTextures::test_empty_directory_raises PASSED [ 72%]
tests/test_texture_matcher.py::TestMissingTextures::test_missing_optional_channels_still_succeeds PASSED [ 73%]
tests/test_texture_matcher.py::TestCaseInsensitivity::test_case_variants[CUBE_BASECOLOR] PASSED [ 75%]
tests/test_texture_matcher.py::TestCaseInsensitivity::test_case_variants[cube_basecolor] PASSED [ 76%]
tests/test_texture_matcher.py::TestCaseInsensitivity::test_case_variants[Cube_Basecolor] PASSED [ 77%]
tests/test_texture_matcher.py::TestCaseInsensitivity::test_case_variants[cUbE_bAsEcOlOr] PASSED [ 78%]
tests/test_texture_matcher.py::TestRecursiveScan::test_finds_textures_in_subdirectory PASSED [ 79%]
tests/test_texture_matcher.py::TestRecursiveScan::test_non_recursive_ignores_subdirs PASSED [ 80%]
tests/test_texture_matcher.py::TestEdgeCases::test_non_image_files_are_ignored PASSED [ 81%]
tests/test_texture_matcher.py::TestEdgeCases::test_first_match_wins_across_channels PASSED [ 82%]
tests/test_texture_matcher.py::TestEdgeCases::test_orm_does_not_consume_individual_channels PASSED [ 84%]
tests/test_texture_matcher.py::TestMtlIntegration::test_mtl_declared_albedo_used_when_regex_fails PASSED [ 85%]
tests/test_texture_matcher.py::TestMtlIntegration::test_regex_channels_fill_gaps_not_in_mtl PASSED [ 86%]
tests/test_mtl_parser.py::test_parse_mtl_returns_material_names PASSED   [ 87%]
tests/test_mtl_parser.py::test_parse_mtl_maps_map_kd_to_albedo PASSED    [ 88%]
tests/test_mtl_parser.py::test_parse_mtl_maps_map_bump_to_normal PASSED  [ 89%]
tests/test_mtl_parser.py::test_parse_mtl_maps_map_ns_to_roughness PASSED [ 90%]
tests/test_mtl_parser.py::test_parse_mtl_ignores_nonexistent_texture PASSED [ 92%]
tests/test_mtl_parser.py::test_parse_mtl_nonexistent_file PASSED         [ 93%]
tests/test_mtl_parser.py::test_find_mtl_for_obj_reads_mtllib_declaration PASSED [ 94%]
tests/test_mtl_parser.py::test_find_mtl_for_obj_fallback_same_stem PASSED [ 95%]
tests/test_mtl_parser.py::test_find_mtl_for_obj_returns_none_when_missing PASSED [ 96%]
tests/test_blender_runner.py::test_subprocess_uses_utf8_encoding PASSED  [ 97%]
tests/test_blender_runner.py::test_subprocess_uses_errors_replace PASSED [ 98%]
tests/test_blender_runner.py::test_skip_validation_when_no_textures PASSED [100%]

============================= 88 passed in 1.80s ==============================
